nohup: ignoring input

> frontend@0.1.0 dev
> next dev --port 4070 --hostname 0.0.0.0

▲ Next.js 16.1.1 (Turbopack)
- Local:         http://localhost:4070
- Network:       http://0.0.0.0:4070
- Environments: .env.local

✓ Starting...
✓ Ready in 25.6s
○ Compiling /projects/[projectNumber] ...
Browserslist: browsers data (caniuse-lite) is 12 months old. Please run:
  npx update-browserslist-db@latest
  Why you should do it regularly: https://github.com/browserslist/update-db#readme
 GET /projects/1001 200 in 13.8s (compile: 13.6s, render: 236ms)
 GET /projects/1001 200 in 85ms (compile: 33ms, render: 52ms)
 GET /projects/1001/datasets 200 in 1194ms (compile: 1172ms, render: 23ms)
 GET /projects/1001/datasets/import 200 in 766ms (compile: 741ms, render: 24ms)
 GET /projects/1001/jobs 200 in 846ms (compile: 827ms, render: 19ms)
 GET /files/p1001 200 in 675ms (compile: 657ms, render: 18ms)
 GET /projects/null/datasets/import 200 in 61ms (compile: 43ms, render: 17ms)
 GET / 200 in 327ms (compile: 312ms, render: 15ms)
 GET /projects/1001 200 in 110ms (compile: 43ms, render: 67ms)
 GET /projects/1001 200 in 35ms (compile: 3ms, render: 32ms)
 GET /projects/1001 200 in 87ms (compile: 41ms, render: 46ms)
 GET /projects/1001/datasets 200 in 54ms (compile: 38ms, render: 16ms)
 GET /projects/1001/datasets 200 in 130ms (compile: 44ms, render: 87ms)
 GET /projects/1001/datasets/273 200 in 716ms (compile: 662ms, render: 54ms)
 GET /projects/1001/datasets 200 in 122ms (compile: 44ms, render: 78ms)
 GET /projects/1001/datasets?page=2 200 in 52ms (compile: 38ms, render: 15ms)
 GET /projects/1001/datasets?page=3 200 in 14ms (compile: 2ms, render: 12ms)
 GET /projects/1001/datasets?page=4 200 in 15ms (compile: 2ms, render: 13ms)
 GET /projects/1001/datasets?page=5 200 in 62ms (compile: 44ms, render: 19ms)
 GET /projects/1001/datasets?page=6 200 in 16ms (compile: 2ms, render: 14ms)
 GET /projects/1001/datasets?page=7 200 in 52ms (compile: 36ms, render: 16ms)
 GET /projects/1001/datasets?page=6 200 in 55ms (compile: 42ms, render: 13ms)
 GET /projects/1001/datasets?page=5 200 in 48ms (compile: 35ms, render: 13ms)
 GET /projects/1001/datasets/133 200 in 82ms (compile: 43ms, render: 39ms)
 GET /projects/1001/datasets/133/run-application/FastQC 200 in 1036ms (compile: 1001ms, render: 35ms)
 GET /projects/1001/datasets/133/run-application/FastQC?step=1 200 in 54ms (compile: 37ms, render: 17ms)
 GET /projects/1001/datasets/133/run-application/FastQC?step=2 200 in 51ms (compile: 36ms, render: 15ms)
 GET /projects/1001/datasets/133/run-application/FastQC/confirm 200 in 696ms (compile: 676ms, render: 20ms)
 GET /projects/1001/datasets/133 200 in 62ms (compile: 45ms, render: 18ms)
 GET /files/p1001/ventricles 200 in 68ms (compile: 47ms, render: 21ms)
⚠ Fast Refresh had to perform a full reload when ./lib/api/files.ts changed. Read more: https://nextjs.org/docs/messages/fast-refresh-reload
✓ Compiled in 132ms
 GET /files/p1001/ventricles 200 in 303ms (compile: 133ms, render: 170ms)
 GET /files/p1001/ventricles 200 in 85ms (compile: 39ms, render: 46ms)
 GET /files/p1001 200 in 57ms (compile: 37ms, render: 19ms)
 GET /files/p1001/Kallisto_60299_o25340_Test_PE_2021-08-16--09-47-28 200 in 53ms (compile: 38ms, render: 15ms)
 GET /files/p1001/Kallisto_60299_o25340_Test_PE_2021-08-16--09-47-28/scripts 200 in 58ms (compile: 44ms, render: 15ms)
 GET /files/p1001 200 in 67ms (compile: 51ms, render: 16ms)
 GET / 200 in 124ms (compile: 90ms, render: 34ms)
 GET /projects/1001 200 in 149ms (compile: 121ms, render: 28ms)
 GET /projects/1001 200 in 33ms (compile: 3ms, render: 30ms)
 GET /projects/1001/datasets/import 200 in 141ms (compile: 111ms, render: 30ms)
 GET /projects/1001/jobs 200 in 147ms (compile: 122ms, render: 25ms)
 GET /projects/1001/datasets 200 in 174ms (compile: 127ms, render: 47ms)
 GET /projects/1001/datasets 200 in 17ms (compile: 2ms, render: 15ms)
 GET /projects/1001/datasets?q=tes&page=1 200 in 59ms (compile: 44ms, render: 15ms)
 GET /projects/1001/datasets/133 200 in 329ms (compile: 121ms, render: 208ms)

> frontend@0.1.0 dev
> next dev --port 4070 --hostname 0.0.0.0

▲ Next.js 16.1.1 (Turbopack)
- Local:         http://localhost:4070
- Network:       http://0.0.0.0:4070
- Environments: .env.local

✓ Starting...
✓ Ready in 19.3s

> frontend@0.1.0 dev
> next dev --port 4070 --hostname 0.0.0.0

⨯ Failed to start server
Error: listen EADDRINUSE: address already in use 0.0.0.0:4070
    at <unknown> (Error: listen EADDRINUSE: address already in use 0.0.0.0:4070) {
  code: 'EADDRINUSE',
  errno: -98,
  syscall: 'listen',
  address: '0.0.0.0',
  port: 4070
}
[?25h
npm notice
npm notice New major version of npm available! 10.9.2 -> 11.14.1
npm notice Changelog: https://github.com/npm/cli/releases/tag/v11.14.1
npm notice To update run: npm install -g npm@11.14.1
npm notice
[?25h

> frontend@0.1.0 dev
> next dev --port 4070 --hostname 0.0.0.0

▲ Next.js 16.1.1 (Turbopack)
- Local:         http://localhost:4070
- Network:       http://0.0.0.0:4070
- Environments: .env.local

✓ Starting...
✓ Ready in 630ms
○ Compiling /projects/[projectNumber]/datasets ...
 GET /projects/1001/datasets?view=tree3 200 in 6.3s (compile: 6.0s, render: 260ms)
 GET /projects/1001/datasets?view=tree 200 in 39ms (compile: 20ms, render: 19ms)
 GET /projects/1001/datasets?view=tree3 200 in 42ms (compile: 23ms, render: 19ms)
 GET /projects/1001/datasets?view=tree 200 in 41ms (compile: 23ms, render: 19ms)
 GET /projects/1001/datasets?view=tree3 200 in 39ms (compile: 22ms, render: 16ms)
 GET /projects/1001/datasets?view=tree 200 in 38ms (compile: 22ms, render: 16ms)
 GET /projects/1001/datasets?view=tree 200 in 76ms (compile: 18ms, render: 58ms)
 GET /projects/1001 200 in 4.3s (compile: 4.3s, render: 62ms)
 GET /projects/1001/datasets 200 in 122ms (compile: 34ms, render: 89ms)
 GET /projects/1001/datasets?view=tree3 200 in 38ms (compile: 24ms, render: 14ms)
